Statement for BigCoII
 Henry V: $831.00 (53 seats)
 As You Like It: $450.00 (55 seats)
Amount owed is $1,281.00
You earned 48 credits
